[18:18:50] ============================================================
[18:18:50] 🚀 启动：异构多智能体路径规划性能深度评测
[18:18:50] 场景数：4
[18:18:50] 规模范围：4 - 10
[18:18:50] 重复次数：20
[18:18:50] 超时限制：5.0s | 节点限制：4000
[18:18:50] ============================================================
[18:18:50] 
>>> 开始场景：[纯小车 (1x1)]
[18:18:51]   [纯小车 (1x1)] N=4: 成功率 100.0% | 耗时 1.17s
[18:18:52]   [纯小车 (1x1)] N=5: 成功率 100.0% | 耗时 0.76s
[18:18:53]   [纯小车 (1x1)] N=6: 成功率 100.0% | 耗时 0.96s
[18:18:54]   [纯小车 (1x1)] N=7: 成功率 100.0% | 耗时 0.86s
[18:18:55]   [纯小车 (1x1)] N=8: 成功率 100.0% | 耗时 1.24s
[18:19:02]   [纯小车 (1x1)] N=9: 成功率 100.0% | 耗时 6.52s
[18:19:04]   [纯小车 (1x1)] N=10: 成功率 90.0% | 耗时 2.32s
[18:19:04] 
>>> 开始场景：[混合方块 (1x1+2x2)]
[18:19:04]   [混合方块 (1x1+2x2)] N=4: 成功率 80.0% | 耗时 0.51s
[18:19:10]   [混合方块 (1x1+2x2)] N=5: 成功率 80.0% | 耗时 5.74s
[18:19:15]   [混合方块 (1x1+2x2)] N=6: 成功率 70.0% | 耗时 4.67s
[18:19:22]   [混合方块 (1x1+2x2)] N=7: 成功率 40.0% | 耗时 6.68s
[18:19:24]   [混合方块 (1x1+2x2)] N=8: 成功率 40.0% | 耗时 2.21s
[18:19:26]   [混合方块 (1x1+2x2)] N=9: 成功率 50.0% | 耗时 2.60s
[18:19:38]   [混合方块 (1x1+2x2)] N=10: 成功率 30.0% | 耗时 11.89s
[18:19:38] 
>>> 开始场景：[混合长条 (1x1+1x2+2x1)]
[18:19:44]   [混合长条 (1x1+1x2+2x1)] N=4: 成功率 70.0% | 耗时 5.55s
[18:19:45]   [混合长条 (1x1+1x2+2x1)] N=5: 成功率 80.0% | 耗时 0.97s
[18:19:52]   [混合长条 (1x1+1x2+2x1)] N=6: 成功率 45.0% | 耗时 7.37s
[18:19:55]   [混合长条 (1x1+1x2+2x1)] N=7: 成功率 60.0% | 耗时 3.05s
[18:20:21]   [混合长条 (1x1+1x2+2x1)] N=8: 成功率 40.0% | 耗时 25.50s
[18:20:47]   [混合长条 (1x1+1x2+2x1)] N=9: 成功率 40.0% | 耗时 26.83s
[18:21:10]   [混合长条 (1x1+1x2+2x1)] N=10: 成功率 30.0% | 耗时 22.34s
[18:21:10] 
>>> 开始场景：[复杂异构 (1x1+2x2+3x1)]
[18:21:18]   [复杂异构 (1x1+2x2+3x1)] N=4: 成功率 85.0% | 耗时 7.99s
[18:21:24]   [复杂异构 (1x1+2x2+3x1)] N=5: 成功率 50.0% | 耗时 6.03s
[18:21:33]   [复杂异构 (1x1+2x2+3x1)] N=6: 成功率 45.0% | 耗时 9.37s
[18:21:49]   [复杂异构 (1x1+2x2+3x1)] N=7: 成功率 25.0% | 耗时 15.47s
[18:22:02]   [复杂异构 (1x1+2x2+3x1)] N=8: 成功率 25.0% | 耗时 13.81s
[18:22:26]   [复杂异构 (1x1+2x2+3x1)] N=9: 成功率 20.0% | 耗时 23.90s
[18:22:45]   [复杂异构 (1x1+2x2+3x1)] N=10: 成功率 5.0% | 耗时 18.28s
[18:22:45] 
🎉 全部完成！总耗时：3.91 分钟
[18:22:45] 📄 原始数据已保存：batch_performance_analysis\results_raw.csv
