[18:31:18] ============================================================
[18:31:18] 🚀 启动：CBS 性能优化评测 (v2)
[18:31:18] 条件：障碍率 10% | 时限 10s | 规模 6-10
[18:31:18] ============================================================
[18:31:18] 
>>> 场景：[纯小车 (1x1)]
[18:31:19]   [纯小车 (1x1)] N=6: 成功率 100.0% | 耗时 0.73s
[18:31:19]   [纯小车 (1x1)] N=7: 成功率 100.0% | 耗时 0.78s
[18:31:20]   [纯小车 (1x1)] N=8: 成功率 100.0% | 耗时 0.80s
[18:31:21]   [纯小车 (1x1)] N=9: 成功率 95.0% | 耗时 1.08s
[18:31:22]   [纯小车 (1x1)] N=10: 成功率 100.0% | 耗时 0.86s
[18:31:22] 
>>> 场景：[混合方块 (1x1+2x2)]
[18:31:34]   [混合方块 (1x1+2x2)] N=6: 成功率 60.0% | 耗时 11.41s
[18:31:46]   [混合方块 (1x1+2x2)] N=7: 成功率 55.0% | 耗时 12.66s
[18:31:50]   [混合方块 (1x1+2x2)] N=8: 成功率 80.0% | 耗时 3.23s
[18:31:57]   [混合方块 (1x1+2x2)] N=9: 成功率 40.0% | 耗时 7.30s
[18:32:26]   [混合方块 (1x1+2x2)] N=10: 成功率 40.0% | 耗时 29.11s
[18:32:26] 
>>> 场景：[混合长条 (1x1+1x2+2x1)]
[18:32:27]   [混合长条 (1x1+1x2+2x1)] N=6: 成功率 85.0% | 耗时 0.78s
[18:32:28]   [混合长条 (1x1+1x2+2x1)] N=7: 成功率 75.0% | 耗时 1.03s
[18:32:30]   [混合长条 (1x1+1x2+2x1)] N=8: 成功率 45.0% | 耗时 2.36s
[18:32:33]   [混合长条 (1x1+1x2+2x1)] N=9: 成功率 50.0% | 耗时 3.24s
[18:32:37]   [混合长条 (1x1+1x2+2x1)] N=10: 成功率 45.0% | 耗时 3.57s
[18:32:37] 
>>> 场景：[复杂异构 (1x1+2x2+3x1)]
[18:32:41]   [复杂异构 (1x1+2x2+3x1)] N=6: 成功率 70.0% | 耗时 4.44s
[18:33:00]   [复杂异构 (1x1+2x2+3x1)] N=7: 成功率 45.0% | 耗时 18.57s
[18:33:32]   [复杂异构 (1x1+2x2+3x1)] N=8: 成功率 25.0% | 耗时 32.50s
[18:34:32]   [复杂异构 (1x1+2x2+3x1)] N=9: 成功率 10.0% | 耗时 59.89s
[18:35:32]   [复杂异构 (1x1+2x2+3x1)] N=10: 成功率 10.0% | 耗时 60.10s
[18:35:32] 
🎉 完成！总耗时：4.24 分钟
[18:35:32] 📄 数据已保存：batch_analysis_v2_optimized\results_v2.csv
