[20:09:17] ============================================================
[20:09:17] 🚀 启动：CBS 性能优化评测 (v2)
[20:09:17] 条件：障碍率 10% | 时限 10s | 规模 6-10
[20:09:17] ============================================================
[20:09:17] 
>>> 场景：[纯小车 (1x1)]
[20:09:19]   [纯小车 (1x1)] N=6: 成功率 95.0% | 耗时 1.82s
[20:09:20]   [纯小车 (1x1)] N=7: 成功率 100.0% | 耗时 0.66s
[20:09:21]   [纯小车 (1x1)] N=8: 成功率 100.0% | 耗时 0.82s
[20:09:22]   [纯小车 (1x1)] N=9: 成功率 100.0% | 耗时 1.02s
[20:09:23]   [纯小车 (1x1)] N=10: 成功率 100.0% | 耗时 1.22s
[20:09:23] 
>>> 场景：[混合方块 (1x1+2x2)]
[20:09:26]   [混合方块 (1x1+2x2)] N=6: 成功率 65.0% | 耗时 2.79s
[20:09:28]   [混合方块 (1x1+2x2)] N=7: 成功率 45.0% | 耗时 2.17s
[20:09:31]   [混合方块 (1x1+2x2)] N=8: 成功率 40.0% | 耗时 3.46s
[20:09:37]   [混合方块 (1x1+2x2)] N=9: 成功率 55.0% | 耗时 5.65s
[20:09:45]   [混合方块 (1x1+2x2)] N=10: 成功率 55.0% | 耗时 8.41s
[20:09:45] 
>>> 场景：[混合长条 (1x1+1x2+2x1)]
[20:09:46]   [混合长条 (1x1+1x2+2x1)] N=6: 成功率 85.0% | 耗时 0.79s
[20:09:47]   [混合长条 (1x1+1x2+2x1)] N=7: 成功率 60.0% | 耗时 0.50s
[20:09:49]   [混合长条 (1x1+1x2+2x1)] N=8: 成功率 65.0% | 耗时 2.56s
[20:09:51]   [混合长条 (1x1+1x2+2x1)] N=9: 成功率 70.0% | 耗时 1.60s
[20:09:51]   [混合长条 (1x1+1x2+2x1)] N=10: 成功率 35.0% | 耗时 0.76s
[20:09:51] 
>>> 场景：[复杂异构 (1x1+2x2+3x1)]
[20:09:53]   [复杂异构 (1x1+2x2+3x1)] N=6: 成功率 45.0% | 耗时 1.52s
[20:10:12]   [复杂异构 (1x1+2x2+3x1)] N=7: 成功率 35.0% | 耗时 19.37s
[20:10:24]   [复杂异构 (1x1+2x2+3x1)] N=8: 成功率 35.0% | 耗时 11.38s
[20:10:43]   [复杂异构 (1x1+2x2+3x1)] N=9: 成功率 20.0% | 耗时 18.82s
[20:11:20]   [复杂异构 (1x1+2x2+3x1)] N=10: 成功率 15.0% | 耗时 37.82s
[20:11:20] 
🎉 完成！总耗时：2.05 分钟
[20:11:20] 📄 数据已保存：batch_analysis_v2_optimized\results_v2.csv
